// Jest Snapshot v1, https://goo.gl/fbAQLP

exports[`should take a snapshot 1`] = `
<DocumentFragment>
  <button
    class="button-component"
    type="button"
  >
    <div />
  </button>
</DocumentFragment>
`;
