// Jest Snapshot v1, https://goo.gl/fbAQLP

exports[`should take a snapshot 1`] = `
<DocumentFragment>
  <div
    class="input-component"
  >
    <label
      class=""
      for=""
    />
    <input
      class="input-component-input"
      id=""
      name=""
      required=""
      type=""
      value=""
    />
  </div>
</DocumentFragment>
`;
